// Jest Snapshot v1, https://goo.gl/fbAQLP

exports[`return.py 1`] = `
def example(first):
    if False:
        return

    return first


def foo():
    return my_long_value_aaaaaaaaaaaaaaaaaaaaaaaaaaaaaaaaaaaaaaaaaaaaaaaaaaaaaaaaa
~~~~~~~~~~~~~~~~~~~~~~~~~~~~~~~~~~~~~~~~~~~~~~~~~~~~~~~~~~~~~~~~~~~~~~~~~~~~~~~~
def example(first):
    if False:
        return

    return first


def foo():
    return \\
        my_long_value_aaaaaaaaaaaaaaaaaaaaaaaaaaaaaaaaaaaaaaaaaaaaaaaaaaaaaaaaa

`;

exports[`return.py 2`] = `
def example(first):
    if False:
        return

    return first


def foo():
    return my_long_value_aaaaaaaaaaaaaaaaaaaaaaaaaaaaaaaaaaaaaaaaaaaaaaaaaaaaaaaaa
~~~~~~~~~~~~~~~~~~~~~~~~~~~~~~~~~~~~~~~~~~~~~~~~~~~~~~~~~~~~~~~~~~~~~~~~~~~~~~~~
def example(first):
    if False:
        return

    return first


def foo():
    return \\
        my_long_value_aaaaaaaaaaaaaaaaaaaaaaaaaaaaaaaaaaaaaaaaaaaaaaaaaaaaaaaaa

`;
