// Jest Snapshot v1, https://goo.gl/fbAQLP

exports[`bool_op.py 1`] = `
data.retweeted or 'RT @' in data.text
data.retweeted and 'RT @' in data.text

my_long_variable_i and my_long_variable_j and 'LONG_STRING' in my_long_variable_i.my_long_attribute_k
~~~~~~~~~~~~~~~~~~~~~~~~~~~~~~~~~~~~~~~~~~~~~~~~~~~~~~~~~~~~~~~~~~~~~~~~~~~~~~~~
data.retweeted or "RT @" in data.text
data.retweeted and "RT @" in data.text

(
    my_long_variable_i and
    my_long_variable_j and
    "LONG_STRING" in my_long_variable_i.my_long_attribute_k
)

`;

exports[`bool_op.py 2`] = `
data.retweeted or 'RT @' in data.text
data.retweeted and 'RT @' in data.text

my_long_variable_i and my_long_variable_j and 'LONG_STRING' in my_long_variable_i.my_long_attribute_k
~~~~~~~~~~~~~~~~~~~~~~~~~~~~~~~~~~~~~~~~~~~~~~~~~~~~~~~~~~~~~~~~~~~~~~~~~~~~~~~~
data.retweeted or "RT @" in data.text
data.retweeted and "RT @" in data.text

(
    my_long_variable_i and
    my_long_variable_j and
    "LONG_STRING" in my_long_variable_i.my_long_attribute_k
)

`;
