// Jest Snapshot v1, https://goo.gl/fbAQLP

exports[`list.py 1`] = `
a[-1]
a[-2:]
a[:-2]
a[::-1]
a[1::-1]
a[:-3:-1]
a[-3::-1]
point_coords = coords[i, :]
main(sys.argv[1:])
~~~~~~~~~~~~~~~~~~~~~~~~~~~~~~~~~~~~~~~~~~~~~~~~~~~~~~~~~~~~~~~~~~~~~~~~~~~~~~~~
a[-1]
a[-2:]
a[:-2]
a[::-1]
a[1::-1]
a[:-3:-1]
a[-3::-1]
point_coords = coords[i, :]
main(sys.argv[1:])

`;

exports[`list.py 2`] = `
a[-1]
a[-2:]
a[:-2]
a[::-1]
a[1::-1]
a[:-3:-1]
a[-3::-1]
point_coords = coords[i, :]
main(sys.argv[1:])
~~~~~~~~~~~~~~~~~~~~~~~~~~~~~~~~~~~~~~~~~~~~~~~~~~~~~~~~~~~~~~~~~~~~~~~~~~~~~~~~
a[-1]
a[-2:]
a[:-2]
a[::-1]
a[1::-1]
a[:-3:-1]
a[-3::-1]
point_coords = coords[i, :]
main(sys.argv[1:])

`;

exports[`list.py 3`] = `
a[-1]
a[-2:]
a[:-2]
a[::-1]
a[1::-1]
a[:-3:-1]
a[-3::-1]
point_coords = coords[i, :]
main(sys.argv[1:])
~~~~~~~~~~~~~~~~~~~~~~~~~~~~~~~~~~~~~~~~~~~~~~~~~~~~~~~~~~~~~~~~~~~~~~~~~~~~~~~~
a[-1]
a[-2:]
a[:-2]
a[::-1]
a[1::-1]
a[:-3:-1]
a[-3::-1]
point_coords = coords[i, :]
main(sys.argv[1:])

`;
