// Jest Snapshot v1, https://goo.gl/fbAQLP

exports[`global.py 1`] = `
global a
global b
global a, b
~~~~~~~~~~~~~~~~~~~~~~~~~~~~~~~~~~~~~~~~~~~~~~~~~~~~~~~~~~~~~~~~~~~~~~~~~~~~~~~~
global a
global b
global a, b

`;

exports[`global.py 2`] = `
global a
global b
global a, b
~~~~~~~~~~~~~~~~~~~~~~~~~~~~~~~~~~~~~~~~~~~~~~~~~~~~~~~~~~~~~~~~~~~~~~~~~~~~~~~~
global a
global b
global a, b

`;
