// Jest Snapshot v1, https://goo.gl/fbAQLP

exports[`ann_assign.py 1`] = `
a: str
a: bool = True

my_long_var_aaaaaaaaaaaaaaaaaaaaaaaaaa: MyLongTypeAAAAAAAAAAAAAAAAAAAAAAAAAAAAAAAA

my_long_var_aaaaaaaaaaaaaaaaaaaaaaaaaa: MyLongTypeAAAAAAAAAAAAAAAAAAAAAAAAAAAAAAAA = 1
~~~~~~~~~~~~~~~~~~~~~~~~~~~~~~~~~~~~~~~~~~~~~~~~~~~~~~~~~~~~~~~~~~~~~~~~~~~~~~~~
a: str

a: bool = True

my_long_var_aaaaaaaaaaaaaaaaaaaaaaaaaa: \\
    MyLongTypeAAAAAAAAAAAAAAAAAAAAAAAAAAAAAAAA

my_long_var_aaaaaaaaaaaaaaaaaaaaaaaaaa: \\
    MyLongTypeAAAAAAAAAAAAAAAAAAAAAAAAAAAAAAAA = 1

`;
