// Jest Snapshot v1, https://goo.gl/fbAQLP

exports[`comments.py 1`] = `
if a:  # a
    # b
    c

    # c

    d

    # e

    call(
        # a
    )

    operations = [
        # Ensure the contenttypes migration is applied before sending
        # post_migrate signals (which create ContentTypes).
    ]
~~~~~~~~~~~~~~~~~~~~~~~~~~~~~~~~~~~~~~~~~~~~~~~~~~~~~~~~~~~~~~~~~~~~~~~~~~~~~~~~
if a: # a
    # b
    c

    # c

    d

    # e

    call()
    # a

    operations = [
        # Ensure the contenttypes migration is applied before sending
        # post_migrate signals (which create ContentTypes).
    ]

`;

exports[`comments.py 2`] = `
if a:  # a
    # b
    c

    # c

    d

    # e

    call(
        # a
    )

    operations = [
        # Ensure the contenttypes migration is applied before sending
        # post_migrate signals (which create ContentTypes).
    ]
~~~~~~~~~~~~~~~~~~~~~~~~~~~~~~~~~~~~~~~~~~~~~~~~~~~~~~~~~~~~~~~~~~~~~~~~~~~~~~~~
if a: # a
    # b
    c

    # c

    d

    # e

    call()
    # a

    operations = [
        # Ensure the contenttypes migration is applied before sending
        # post_migrate signals (which create ContentTypes).
    ]

`;
