// Jest Snapshot v1, https://goo.gl/fbAQLP

exports[`yield_from.py 1`] = `
def example(first):
    yield from first


def should_wrap():
    yield from very_long_variable_name_aaaaaaaaaaaaaaaaaaaaaaaaaaaaaaaaaaaaaaaaaaaaaaaaaaaaaaaaaaaaaaaaaaaaaaaaaaaaaaaaaaaaaaaaaa


def should_unwrap():
    yield from \\
        short_variable_name
~~~~~~~~~~~~~~~~~~~~~~~~~~~~~~~~~~~~~~~~~~~~~~~~~~~~~~~~~~~~~~~~~~~~~~~~~~~~~~~~
def example(first):
    yield from first

def should_wrap():
    yield from \\
        very_long_variable_name_aaaaaaaaaaaaaaaaaaaaaaaaaaaaaaaaaaaaaaaaaaaaaaaaaaaaaaaaaaaaaaaaaaaaaaaaaaaaaaaaaaaaaaaaaa

def should_unwrap():
    yield from short_variable_name

`;
