// Jest Snapshot v1, https://goo.gl/fbAQLP

exports[`yield.py 1`] = `
def example(first):
    if False:
        yield

    yield first
~~~~~~~~~~~~~~~~~~~~~~~~~~~~~~~~~~~~~~~~~~~~~~~~~~~~~~~~~~~~~~~~~~~~~~~~~~~~~~~~
def example(first):
    if False:
        yield

    yield first

`;

exports[`yield.py 2`] = `
def example(first):
    if False:
        yield

    yield first
~~~~~~~~~~~~~~~~~~~~~~~~~~~~~~~~~~~~~~~~~~~~~~~~~~~~~~~~~~~~~~~~~~~~~~~~~~~~~~~~
def example(first):
    if False:
        yield

    yield first

`;
