// Jest Snapshot v1, https://goo.gl/fbAQLP

exports[`dangling_comments.py 1`] = `
# 1
# 2
~~~~~~~~~~~~~~~~~~~~~~~~~~~~~~~~~~~~~~~~~~~~~~~~~~~~~~~~~~~~~~~~~~~~~~~~~~~~~~~~
# 1
# 2

`;

exports[`dangling_comments.py 2`] = `
# 1
# 2
~~~~~~~~~~~~~~~~~~~~~~~~~~~~~~~~~~~~~~~~~~~~~~~~~~~~~~~~~~~~~~~~~~~~~~~~~~~~~~~~
# 1
# 2

`;
