// Jest Snapshot v1, https://goo.gl/fbAQLP

exports[`aug_assign.py 1`] = `
a = 10

a += 10

a -= 1

a *= 1

a /= 1

a //= 1

a %= 1

a **= 1

a <<= 1

a >>= 1

a &= 1

a ^= 1

a |= 1

my_long_variable_aaaaaaaaaaaaaaaaaaaaaa += my_long_value_aaaaaaaaaaaaaaaaaaaaaaaaaa

my_long_variable_aaaaaaaaaaaaaaaaaaaaaa += [long_item_1_aaaaaaaaaaaa, long_item_1_aaaaaaaaaaaa, long_item_1_aaaaaaaaaaaa]
~~~~~~~~~~~~~~~~~~~~~~~~~~~~~~~~~~~~~~~~~~~~~~~~~~~~~~~~~~~~~~~~~~~~~~~~~~~~~~~~
a = 10

a += 10

a -= 1

a *= 1

a /= 1

a //= 1

a %= 1

a **= 1

a <<= 1

a >>= 1

a &= 1

a ^= 1

a |= 1

my_long_variable_aaaaaaaaaaaaaaaaaaaaaa += \\
    my_long_value_aaaaaaaaaaaaaaaaaaaaaaaaaa

my_long_variable_aaaaaaaaaaaaaaaaaaaaaa += [
    long_item_1_aaaaaaaaaaaa,
    long_item_1_aaaaaaaaaaaa,
    long_item_1_aaaaaaaaaaaa
]

`;

exports[`aug_assign.py 2`] = `
a = 10

a += 10

a -= 1

a *= 1

a /= 1

a //= 1

a %= 1

a **= 1

a <<= 1

a >>= 1

a &= 1

a ^= 1

a |= 1

my_long_variable_aaaaaaaaaaaaaaaaaaaaaa += my_long_value_aaaaaaaaaaaaaaaaaaaaaaaaaa

my_long_variable_aaaaaaaaaaaaaaaaaaaaaa += [long_item_1_aaaaaaaaaaaa, long_item_1_aaaaaaaaaaaa, long_item_1_aaaaaaaaaaaa]
~~~~~~~~~~~~~~~~~~~~~~~~~~~~~~~~~~~~~~~~~~~~~~~~~~~~~~~~~~~~~~~~~~~~~~~~~~~~~~~~
a = 10

a += 10

a -= 1

a *= 1

a /= 1

a //= 1

a %= 1

a **= 1

a <<= 1

a >>= 1

a &= 1

a ^= 1

a |= 1

my_long_variable_aaaaaaaaaaaaaaaaaaaaaa += \\
    my_long_value_aaaaaaaaaaaaaaaaaaaaaaaaaa

my_long_variable_aaaaaaaaaaaaaaaaaaaaaa += [
    long_item_1_aaaaaaaaaaaa,
    long_item_1_aaaaaaaaaaaa,
    long_item_1_aaaaaaaaaaaa
]

`;
