// Jest Snapshot v1, https://goo.gl/fbAQLP

exports[`call_mixed.py 1`] = `
args = (1, 2, 3, 4)
kwargs = {'var_f': 7}
my_func_with_many_args(0, *args, var_e=5, var_j=6, **kwargs)
~~~~~~~~~~~~~~~~~~~~~~~~~~~~~~~~~~~~~~~~~~~~~~~~~~~~~~~~~~~~~~~~~~~~~~~~~~~~~~~~
args = (1, 2, 3, 4)
kwargs = {"var_f": 7}
my_func_with_many_args(0, *args, var_e=5, var_j=6, **kwargs)

`;

exports[`call_mixed.py 2`] = `
args = (1, 2, 3, 4)
kwargs = {'var_f': 7}
my_func_with_many_args(0, *args, var_e=5, var_j=6, **kwargs)
~~~~~~~~~~~~~~~~~~~~~~~~~~~~~~~~~~~~~~~~~~~~~~~~~~~~~~~~~~~~~~~~~~~~~~~~~~~~~~~~
args = (1, 2, 3, 4)
kwargs = {"var_f": 7}
my_func_with_many_args(0, *args, var_e=5, var_j=6, **kwargs)

`;
