// Jest Snapshot v1, https://goo.gl/fbAQLP

exports[`for.py 1`] = `
for x in range(10):
    print(x)

for i in ('a', 'e', 'i', 'o', 'u'):
    pass
~~~~~~~~~~~~~~~~~~~~~~~~~~~~~~~~~~~~~~~~~~~~~~~~~~~~~~~~~~~~~~~~~~~~~~~~~~~~~~~~
for x in range(10):
    print(x)

for i in ("a", "e", "i", "o", "u"):
    pass

`;

exports[`for.py 2`] = `
for x in range(10):
    print(x)

for i in ('a', 'e', 'i', 'o', 'u'):
    pass
~~~~~~~~~~~~~~~~~~~~~~~~~~~~~~~~~~~~~~~~~~~~~~~~~~~~~~~~~~~~~~~~~~~~~~~~~~~~~~~~
for x in range(10):
    print(x)

for i in ("a", "e", "i", "o", "u"):
    pass

`;
