// Jest Snapshot v1, https://goo.gl/fbAQLP

exports[`bytes.py 1`] = `
b"example"
b'example'
~~~~~~~~~~~~~~~~~~~~~~~~~~~~~~~~~~~~~~~~~~~~~~~~~~~~~~~~~~~~~~~~~~~~~~~~~~~~~~~~
b"example"
b"example"

`;

exports[`bytes.py 2`] = `
b"example"
b'example'
~~~~~~~~~~~~~~~~~~~~~~~~~~~~~~~~~~~~~~~~~~~~~~~~~~~~~~~~~~~~~~~~~~~~~~~~~~~~~~~~
b'example'
b'example'

`;
