// Jest Snapshot v1, https://goo.gl/fbAQLP

exports[`raise.py 1`] = `
raise
raise ValueError
raise ValueError("error")

raise NotImplementedError('example.')

raise forms.ValidationError(
    self.error_messages['invalid_login'],
    code='invalid_login',
    params={
        'username': self.username_field.verbose_name
    }
)

raise SomeErrorWithAReallyReallyVeryVeryExtremelyExtensivelyLongNameSoItBreaks()
~~~~~~~~~~~~~~~~~~~~~~~~~~~~~~~~~~~~~~~~~~~~~~~~~~~~~~~~~~~~~~~~~~~~~~~~~~~~~~~~
raise
raise ValueError
raise ValueError("error")

raise NotImplementedError("example.")

raise (
    forms.ValidationError(self.error_messages[
        "invalid_login"
    ], code="invalid_login", params={
        "username": self.username_field.verbose_name
    })
)

raise (
    SomeErrorWithAReallyReallyVeryVeryExtremelyExtensivelyLongNameSoItBreaks()
)

`;

exports[`raise.py 2`] = `
raise
raise ValueError
raise ValueError("error")

raise NotImplementedError('example.')

raise forms.ValidationError(
    self.error_messages['invalid_login'],
    code='invalid_login',
    params={
        'username': self.username_field.verbose_name
    }
)

raise SomeErrorWithAReallyReallyVeryVeryExtremelyExtensivelyLongNameSoItBreaks()
~~~~~~~~~~~~~~~~~~~~~~~~~~~~~~~~~~~~~~~~~~~~~~~~~~~~~~~~~~~~~~~~~~~~~~~~~~~~~~~~
raise
raise ValueError
raise ValueError("error")

raise NotImplementedError("example.")

raise (
    forms.ValidationError(self.error_messages[
        "invalid_login"
    ], code="invalid_login", params={
        "username": self.username_field.verbose_name
    })
)

raise (
    SomeErrorWithAReallyReallyVeryVeryExtremelyExtensivelyLongNameSoItBreaks()
)

`;
